wilder@wilder-ThinkPad-T440p:~/quetes/GitQuetes/sharezza-oops$ git log --oneline
777342d (HEAD -> master) add li shareza
6c4909d Revert "add p shareza"
8be4e1e add p shareza
077be4a Creation Title
af47103 add html
wilder@wilder-ThinkPad-T440p:~/quetes/GitQuetes/sharezza-oops$ git revert HEAD
[master 7a0d45b] Revert "add li shareza"
 1 file changed, 1 insertion(+), 1 deletion(-)
wilder@wilder-ThinkPad-T440p:~/quetes/GitQuetes/sharezza-oops$ git add index.html 
wilder@wilder-ThinkPad-T440p:~/quetes/GitQuetes/sharezza-oops$ git log --oneline
7a0d45b (HEAD -> master) Revert "add li shareza"
777342d add li shareza
6c4909d Revert "add p shareza"
8be4e1e add p shareza
077be4a Creation Title
af47103 add html
wilder@wilder-ThinkPad-T440p:~/quetes/GitQuetes/sharezza-oops$ 
